#-----------------------------------------------------------
# Webtalk v2017.2 (64-bit)
# SW Build 1909853 on Thu Jun 15 18:39:10 MDT 2017
# IP Build 1909766 on Thu Jun 15 19:58:00 MDT 2017
# Start of session at: Mon Sep  4 22:33:03 2017
# Process ID: 10105
# Current directory: /home/lucas/Documents/UnB/Disciplinas/ED2/VHDL-CODES/lab1_PIPO/lab1_PIPO.sim/sim_1/behav
# Command line: wbtcv -mode batch -source /home/lucas/Documents/UnB/Disciplinas/ED2/VHDL-CODES/lab1_PIPO/lab1_PIPO.sim/sim_1/behav/xsim.dir/tb_shift_reg_PIPO_behav/webtalk/xsim_webtalk.tcl -notrace
# Log file: /home/lucas/Documents/UnB/Disciplinas/ED2/VHDL-CODES/lab1_PIPO/lab1_PIPO.sim/sim_1/behav/webtalk.log
# Journal file: /home/lucas/Documents/UnB/Disciplinas/ED2/VHDL-CODES/lab1_PIPO/lab1_PIPO.sim/sim_1/behav/webtalk.jou
#-----------------------------------------------------------
source /home/lucas/Documents/UnB/Disciplinas/ED2/VHDL-CODES/lab1_PIPO/lab1_PIPO.sim/sim_1/behav/xsim.dir/tb_shift_reg_PIPO_behav/webtalk/xsim_webtalk.tcl -notrace
