#-----------------------------------------------------------
# Webtalk v2017.2 (64-bit)
# SW Build 1909853 on Thu Jun 15 18:39:10 MDT 2017
# IP Build 1909766 on Thu Jun 15 19:58:00 MDT 2017
# Start of session at: Mon Aug 28 08:10:29 2017
# Process ID: 3260
# Current directory: /home/lucas/Documents/UnB/Disciplinas/ED2/VHDL-codes/Teste_2_Mealy/Teste_2_Mealy.sim/sim_1/behav
# Command line: wbtcv -mode batch -source /home/lucas/Documents/UnB/Disciplinas/ED2/VHDL-codes/Teste_2_Mealy/Teste_2_Mealy.sim/sim_1/behav/xsim.dir/tb_FSM_Mealy_behav/webtalk/xsim_webtalk.tcl -notrace
# Log file: /home/lucas/Documents/UnB/Disciplinas/ED2/VHDL-codes/Teste_2_Mealy/Teste_2_Mealy.sim/sim_1/behav/webtalk.log
# Journal file: /home/lucas/Documents/UnB/Disciplinas/ED2/VHDL-codes/Teste_2_Mealy/Teste_2_Mealy.sim/sim_1/behav/webtalk.jou
#-----------------------------------------------------------
source /home/lucas/Documents/UnB/Disciplinas/ED2/VHDL-codes/Teste_2_Mealy/Teste_2_Mealy.sim/sim_1/behav/xsim.dir/tb_FSM_Mealy_behav/webtalk/xsim_webtalk.tcl -notrace
