Copyright 1986-2017 Xilinx, Inc. All Rights Reserved.
-------------------------------------------------------------------------------------------
| Tool Version : Vivado v.2017.2 (lin64) Build 1909853 Thu Jun 15 18:39:10 MDT 2017
| Date         : Sun Sep  3 16:51:12 2017
| Host         : machado running 64-bit Linux Mint 17.3 Rosa
| Command      : report_control_sets -verbose -file shift_reg_PIPO_control_sets_placed.rpt
| Design       : shift_reg_PIPO
| Device       : xc7a35t
-------------------------------------------------------------------------------------------

Control Set Information

Table of Contents
-----------------
1. Summary
2. Flip-Flop Distribution
3. Detailed Control Set Information

1. Summary
----------

+----------------------------------------------------------+-------+
|                          Status                          | Count |
+----------------------------------------------------------+-------+
| Number of unique control sets                            |     3 |
| Unused register locations in slices containing registers |    13 |
+----------------------------------------------------------+-------+


2. Flip-Flop Distribution
-------------------------

+--------------+-----------------------+------------------------+-----------------+--------------+
| Clock Enable | Synchronous Set/Reset | Asynchronous Set/Reset | Total Registers | Total Slices |
+--------------+-----------------------+------------------------+-----------------+--------------+
| No           | No                    | No                     |              16 |            5 |
| No           | No                    | Yes                    |               0 |            0 |
| No           | Yes                   | No                     |              27 |            7 |
| Yes          | No                    | No                     |               0 |            0 |
| Yes          | No                    | Yes                    |               0 |            0 |
| Yes          | Yes                   | No                     |               0 |            0 |
+--------------+-----------------------+------------------------+-----------------+--------------+


3. Detailed Control Set Information
-----------------------------------

+----------------+---------------+--------------------------+------------------+----------------+
|  Clock Signal  | Enable Signal |     Set/Reset Signal     | Slice Load Count | Bel Load Count |
+----------------+---------------+--------------------------+------------------+----------------+
|  clk_IBUF_BUFG |               |                          |                1 |              1 |
|  clk_1Hz/CLK   |               |                          |                4 |             15 |
|  clk_IBUF_BUFG |               | clk_1Hz/count[0]_i_1_n_0 |                7 |             27 |
+----------------+---------------+--------------------------+------------------+----------------+


+--------+-----------------------+
| Fanout | Number of ControlSets |
+--------+-----------------------+
| 1      |                     1 |
| 15     |                     1 |
| 16+    |                     1 |
+--------+-----------------------+


